// Jest Snapshot v1, https://goo.gl/fbAQLP

exports[`Status command should log json correctly 1`] = `
[
  {
    "modules": [
      "module-one",
    ],
    "services": [
      {
        "composeStatus": "Not running",
        "liveUpdate": false,
        "name": "service-eight",
        "transient": false,
      },
      {
        "composeStatus": "stopped",
        "liveUpdate": false,
        "name": "service-five",
        "transient": false,
      },
      {
        "composeStatus": "stopped",
        "liveUpdate": false,
        "name": "service-four",
        "transient": true,
      },
      {
        "composeStatus": "running",
        "liveUpdate": false,
        "name": "service-one",
        "transient": false,
      },
      {
        "composeStatus": "Not running",
        "liveUpdate": false,
        "name": "service-seven",
        "transient": false,
      },
      {
        "composeStatus": "Not running",
        "liveUpdate": false,
        "name": "service-six",
        "transient": false,
      },
      {
        "composeStatus": "Not running",
        "liveUpdate": false,
        "name": "service-three",
        "transient": false,
      },
      {
        "composeStatus": "running",
        "liveUpdate": true,
        "name": "service-two",
        "transient": false,
      },
    ],
  },
]
`;

exports[`Status command should log with their docker compose statuses correctly 1`] = `
[
  [
    "Manually activated modules:",
  ],
  [
    " - module-one",
  ],
  [
    "
Manually activated services:",
  ],
  [
    " - service-one ([31m[1mUp 3 seconds (unhealthy)[22m[39m)",
  ],
  [
    " - service-two ([32m[1mUp 2 minutes (healthy)[22m[39m)",
  ],
  [
    " - service-five ([33mExited (0)[39m)",
  ],
  [
    " - service-six ([31mExited (137)[39m)",
  ],
  [
    " - service-seven ([32mUp 33 minutes[39m)",
  ],
  [
    " - service-eight ([32mUp About an hour[39m)",
  ],
  [
    " - service-three ([32m[1mUp About an hour (healthy)[22m[39m)",
  ],
  [
    "
Automatically activated services:",
  ],
  [
    " - service-eight ([32mUp About an hour[39m) ",
  ],
  [
    " - service-five ([33mExited (0)[39m) ",
  ],
  [
    " - service-four ([36mUp 1 minute (health: starting)[39m) ",
  ],
  [
    " - service-one ([31m[1mUp 3 seconds (unhealthy)[22m[39m) ",
  ],
  [
    " - service-seven ([32mUp 33 minutes[39m) ",
  ],
  [
    " - service-six ([31mExited (137)[39m) ",
  ],
  [
    " - service-three ([32m[1mUp About an hour (healthy)[22m[39m) ",
  ],
  [
    " - service-two ([32m[1mUp 2 minutes (healthy)[22m[39m) [LIVE UPDATE]",
  ],
  [
    "
Manually deactivated services:",
  ],
  [
    " - service-three",
  ],
]
`;

exports[`Status command should log without docker compose statuses 1`] = `
[
  [
    "Manually activated modules:",
  ],
  [
    " - module-one",
  ],
  [
    "
Manually activated services:",
  ],
  [
    " - service-one ",
  ],
  [
    " - service-two ",
  ],
  [
    " - service-five ",
  ],
  [
    " - service-six ",
  ],
  [
    " - service-seven ",
  ],
  [
    " - service-eight ",
  ],
  [
    " - service-three ",
  ],
  [
    "
Automatically activated services:",
  ],
  [
    " - service-eight  ",
  ],
  [
    " - service-five  ",
  ],
  [
    " - service-four  ",
  ],
  [
    " - service-one  ",
  ],
  [
    " - service-seven  ",
  ],
  [
    " - service-six  ",
  ],
  [
    " - service-three  ",
  ],
  [
    " - service-two  [LIVE UPDATE]",
  ],
  [
    "
Manually deactivated services:",
  ],
  [
    " - service-three",
  ],
]
`;
