// Jest Snapshot v1, https://goo.gl/fbAQLP

exports[`immutableServiceFieldsSpecAssemblyFunction applies all attributes from service which are not in the mutable fields list 1`] = `
{
  "annotations": [
    "one:two",
  ],
  "attach": false,
  "blkio_config": {
    "weight": 400,
  },
  "cap_add": [
    "ALL",
  ],
  "cap_drop": [
    "NET_ADMIN",
  ],
  "cgroup": "private",
  "cgroup_parent": "ingress",
  "command": "which java",
  "configs": [
    "config-one",
  ],
  "container_name": "my-container",
  "cpu_count": 1,
  "cpu_percent": 20,
  "cpu_period": 34,
  "cpu_quota": 1,
  "cpu_rt_period": "400ms",
  "cpu_rt_runtime": "400ms",
  "cpu_shares": 1,
  "cpus": 0.123,
  "cpuset": 3,
  "credential_spec": {
    "file": "my-cred-spec.json",
  },
  "deploy": {},
  "device_cgroup_rules": [
    "c 1:3 mr",
  ],
  "devices": [
    "/dev/ttyUSB0:/dev/ttyUSB0",
  ],
  "dns": [
    "8.8.8.8",
  ],
  "dns_opt": [
    "use-vpc",
  ],
  "dns_search": [
    "dc.example.com",
  ],
  "domainname": "hellworld.com",
  "driver_opts": {
    "optOne": "123456",
  },
  "entrypoint": "echo",
  "environment": {
    "ONE": "FOO",
    "TWO": "BAR",
  },
  "expose": 8998,
  "external_links": [
    "redis",
  ],
  "extra_hosts": [
    "hello.local=234.359.4567",
  ],
  "group_add": [
    "mail",
  ],
  "healthcheck": {
    "test": "echo 1",
  },
  "hostname": "hello.local",
  "image": "123456789.ecr.eu-west-2.com/service-six",
  "init": true,
  "ipc": "shareable",
  "isolation": "fp",
  "labels": [
    "label.one=foo",
    "label.two=bar",
  ],
  "links": [
    "db",
  ],
  "logging": {
    "driver": "syslog",
  },
  "mem_limit": "1024",
  "mem_reservation": "2048",
  "mem_swappiness": 50,
  "memswap_limit": "300m",
  "network_mode": "host",
  "networks": [
    "network-one",
  ],
  "oom_kill_disable": true,
  "oom_score_adj": 400,
  "pid": 2345,
  "pids_limit": 20,
  "platform": "darwin",
  "ports": [
    "9090:9090",
  ],
  "privileged": true,
  "profiles": [
    "frontend",
  ],
  "pull_policy": "missing",
  "read_only": true,
  "restart": "always",
  "runtime": "another",
  "scale": {},
  "security_opt": [
    "label:user:USER",
  ],
  "shm_size": "3094b",
  "stdin_open": false,
  "stop_grace_period": "1m30s",
  "stop_signal": "SIGUSR1",
  "storage_opt": {
    "size": "1G",
  },
  "sysctls": {
    "net.core.somaxconn": 1024,
  },
  "tmpfs": "/run",
  "tty": false,
  "ulimits": {
    "nproc": 65535,
  },
  "user": "fred-flintstone",
  "userns_mode": "host",
  "uts": "host",
  "volumes_from": [
    "service-for",
  ],
  "working_dir": "/opt/app/one-two-three",
}
`;
